
> accufinance@0.1.0 build
> next build

  Γû▓ Next.js 14.2.16
  - Environments: .env.local

   Creating an optimized production build ...
node.exe : Failed to compile.
At C:\Users\Ms\AppData\Roaming\npm\npm.ps1:24 char:5
+     & "node$exe"  "$basedir/node_modules/npm/bin/npm-cli.js" $args
+     ~~~~~~~~~~~~~~~~~~~~~~~~~~~~~~~~~~~~~~~~~~~~~~~~~~~~~~~~~~~~~~
    + CategoryInfo          : NotSpecified: (Failed to compile.:String) [], RemoteException
    + FullyQualifiedErrorId : NativeCommandError
 

./components/sales-orders-list.tsx
Error: 
  [31mx[0m Expected '}', got '<eof>'
     ,-[[36;1;4mD:\New folder\ZEIEGA\accounting-system\components\sales-orders-list.tsx[0m:464:1]
 [2m464[0m |       </Dialog>
 [2m465[0m |     </div>
 [2m466[0m |   )
 [2m467[0m | }
     : [31;1m^[0m
     `----

Caused by:
    Syntax Error

Import trace for requested module:
./components/sales-orders-list.tsx
./app/sales-orders/page.tsx


> Build failed because of webpack errors
