Account 7001: amount=500, isDebit=true, contribution=500
Account 7003: amount=1200, isDebit=false, contribution=-1200
Other Total (Net Expense): -700
Net Income: 4700
Γ£à SUCCESS: Net Income calculation is correct.
